// Jest Snapshot v1, https://goo.gl/fbAQLP

exports[`<IDEMenu /> renders correctly 1`] = `
.c0 {
  background-color: pink;
  grid-area: ide-menu;
}

<nav
  className="c0"
>
  <button
    id="post-code-button"
    onClick={undefined}
  >
    Post Code
  </button>
</nav>
`;
