// Jest Snapshot v1, https://goo.gl/fbAQLP

exports[`<GameMenu /> renders correctly 1`] = `
.c0 {
  background-color: #303030;
  grid-area: game-menu;
}

<nav
  className="c0"
/>
`;
