// Jest Snapshot v1, https://goo.gl/fbAQLP

exports[`<IDE /> renders correctly 1`] = `
<React.Fragment>
  <IDEMenu />
  <WithTheme(IDEEditor) />
  <IDEConsole />
</React.Fragment>
`;
