// Jest Snapshot v1, https://goo.gl/fbAQLP

exports[`<IDE /> renders correctly 1`] = `
<React.Fragment>
  <Connect(IDEMenu) />
  <Connect(WithTheme(IDEEditor)) />
  <styled.div />
</React.Fragment>
`;
