// Jest Snapshot v1, https://goo.gl/fbAQLP

exports[`<Movie /> renders correctly 1`] = `
<li>
  Test Title
   - 
  Test Director
   - 
  Test Producer
   - 
  20/03/2018
</li>
`;
