// Jest Snapshot v1, https://goo.gl/fbAQLP

exports[`<GamePage /> matches snapshot 1`] = `
<styled.div>
  <NavigationBar />
  <Connect(IDE) />
  <Connect(Game) />
</styled.div>
`;

exports[`<GamePageLayout /> matches snapshot 1`] = `
.c0 {
  display: grid;
  grid-template: auto 1fr 250px / 1fr 1fr;
  grid-template-areas: "navigation-bar navigation-bar" "ide-editor game-view" "ide-console game-view";
  width: 100vw;
  height: 100vh;
}

<div
  className="c0"
/>
`;
